// Jest Snapshot v1, https://jestjs.io/docs/snapshot-testing

exports[`Invoice Bar Component renders correctly with filled props 1`] = `
<div>
  <menu
    class="flex flex-row items-center justify-between flex-wrap gap-y-6 md:flex-nowrap md:gap-y-0"
    data-testid="snapshot"
  >
    <div
      class="order-1"
    >
      <h2
        class="text text--h2 text-gray-08 dark:text-white"
      >
        Invoice
      </h2>
      <p
        class="text text--body text-gray-06 dark:text-white"
      >
        <span
          class="block md:hidden"
        >
          total-mob
        </span>
        <span
          class="hidden md:block"
        >
          total-desktop
        </span>
      </p>
    </div>
    <div
      class="contents md:flex md:items-center md:gap-x-10"
    >
      <div
        class="grid items-center relative order-3 w-full justify-items-start md:order-none md:w-auto md:justify-items-center"
      >
        <button
          class="btn btn--custom flex items-center gap-x-3 font-bold text-xl dark:text-gray-05"
        >
          <span>
            <span
              class="block md:hidden"
            >
              filter-mob
            </span>
            <span
              class="hidden md:block"
            >
              filter-desktop
            </span>
          </span>
          <svg
            class="icon w-4 md:w-5 h-auto"
          />
        </button>
      </div>
      <button
        class="btn base btn--primary order-2 p-[6px] md:order-none md:p-2 gap-x-2 items-center pr-[15px] text-xl md:text-lg"
      >
        <svg
          class="icon min-w-8 min-h-8 max-h-8 max-h-8"
        />
        <span>
          <span
            class="block md:hidden"
          >
            new-mob
          </span>
          <span
            class="hidden md:block"
          >
            new-desktop
          </span>
        </span>
      </button>
    </div>
  </menu>
</div>
`;
