// Jest Snapshot v1, https://jestjs.io/docs/snapshot-testing

exports[`Invoice Component renders correctly with data passed to props 1`] = `
<div>
  <div
    class="flex flex-row items-center justify-between hidden md:flex py-4 px-6 bg-white drop-shadow-lg rounded-lg dark:bg-blue-03"
  >
    <div
      class="flex flex-row gap-x-11"
    >
      <div
        class="flex flex-row gap-x-11 w-[256px]"
      >
        <p
          class="text text--body text-gray-08 font-bold dark:text-white"
        >
          <span
            class="text text--body text-gray-07"
          >
            #
          </span>
          RT3080
        </p>
        <p
          class="text text--body text-gray-07 flex gap-1 dark:text-gray-05"
        >
          <span
            class="text text--body text-gray-06 dark:text-gray-05"
          >
            Due
          </span>
          Jan 1st, 2025
        </p>
      </div>
      <p
        class="text text--body text-gray-07b dark:text-white"
      >
        Jensen Huang
      </p>
    </div>
    <div>
      <div
        class="flex flex-row items-center gap-x-2"
      >
        <p
          class="text text--body text-gray-08 font-bold text-right dark:text-white"
        >
          <span
            class="text text--body"
          >
            $
          </span>
          1,800.90
        </p>
        <div
          class="w-[150px]"
        >
          <div
            class="flex flex-row items-center justify-center py-[14px] px-[30px] rounded-md leading-none self-center ml-auto w-[145px] bg-gray-09a dark:bg-gray-09b text-gray-09 dark:text-gray-05"
          >
            <span
              class="text text--body font-bold text-center flex gap-x-1.5 items-center"
            >
              <div
                class="w-2 h-2 rounded-full bg-gray-09 dark:bg-gray-05"
              />
              Draft
            </span>
          </div>
        </div>
        <button
          class="btn btn--custom p-1 ml-3"
        >
          <svg
            class="icon"
          />
        </button>
      </div>
    </div>
  </div>
</div>
`;
